// Jest Snapshot v1, https://goo.gl/fbAQLP

exports[`AvatarList renders with props 1`] = `
<ul
  className={undefined}
>
  <li>
    <div
      className={undefined}
    >
      <div
        className={undefined}
      >
        <object
          data={undefined}
          type="image/png"
        >
          <img
            alt="Invitee avatar"
            src="https://s3-eu-west-1.amazonaws.com/assets.cilabs.com/images/person.svg"
            style={
              Object {
                "borderColor": "transparent",
              }
            }
          />
        </object>
        <svg
          viewBox="0 0 10 9"
          xmlns="http://www.w3.org/2000/svg"
        >
          <defs>
            <clipPath
              id="vrmva"
            >
              <path
                d="M4.125 5.725L2.9 4.5l-.408.408 1.633 1.634 3.5-3.5-.408-.409z"
              />
            </clipPath>
          </defs>
          <g>
            <g>
              <g>
                <path
                  d="M5 9a4.5 4.5 0 1 0 0-9 4.5 4.5 0 0 0 0 9z"
                  fill="#f8992c"
                />
              </g>
              <g>
                <g />
                <g
                  clipPath="url(#vrmva)"
                >
                  <g>
                    <path
                      d="M1.5 1h7v7h-7z"
                      fill="#fff"
                    />
                  </g>
                </g>
              </g>
            </g>
          </g>
        </svg>
      </div>
      <div
        className={undefined}
      >
        <p
          className={undefined}
        >
          Tomasz undefined
        </p>
      </div>
      <span
        className={undefined}
        onClick={[Function]}
      >
        <svg
          viewBox="0 0 10 9"
          xmlns="http://www.w3.org/2000/svg"
        >
          <defs>
            <clipPath
              id="en5za"
            >
              <path
                d="M7.333 2.637l-.47-.47L5 4.03 3.137 2.167l-.47.47L4.53 4.5 2.667 6.363l.47.47L5 4.97l1.863 1.863.47-.47L5.47 4.5z"
              />
            </clipPath>
          </defs>
          <g>
            <g>
              <g>
                <path
                  d="M4.95 9a4.5 4.5 0 1 0 0-9 4.5 4.5 0 0 0 0 9z"
                  fill="#ed1846"
                />
              </g>
            </g>
            <g>
              <g />
              <g
                clipPath="url(#en5za)"
              >
                <g>
                  <path
                    d="M1 .5h8v8H1z"
                    fill="#fff"
                  />
                </g>
              </g>
            </g>
          </g>
        </svg>
      </span>
    </div>
  </li>
</ul>
`;

exports[`AvatarList renders without props 1`] = `null`;
